// Jest Snapshot v1, https://goo.gl/fbAQLP

exports[`Testing ComposedScheduleCard component Properly renders schedule card 1`] = `
Object {
  "asFragment": [Function],
  "baseElement": <body>
    <div />
    <div>
      <div
        class="sc-eDWCr hoVdDn composed-schedule"
      >
        <header>
          <div
            class="title"
          >
            Test Schedule #1
          </div>
          <input
            class="sc-ksBlkl jvriEz switch"
            type="checkbox"
          />
        </header>
        <div
          class="days"
        >
          <div
            class="sc-bqWxrE gTNlmT"
          >
            <header>
              M
            </header>
            <div
              class="card-body"
            >
              <span>
                 
                Lessons
                 
              </span>
              <span>
                4
              </span>
              <span>
                 
                Start
                 
              </span>
              <span>
                08:30
              </span>
              <span>
                 
                End
                 
              </span>
              <span>
                16:00
              </span>
            </div>
          </div>
          <div
            class="sc-bqWxrE gTNlmT"
          >
            <header>
              T
            </header>
            <div
              class="card-body"
            >
              <span>
                 
                Lessons
                 
              </span>
              <span>
                3
              </span>
              <span>
                 
                Start
                 
              </span>
              <span>
                10:30
              </span>
              <span>
                 
                End
                 
              </span>
              <span>
                16:00
              </span>
            </div>
          </div>
          <div
            class="sc-bqWxrE gTNlmT"
          >
            <header>
              W
            </header>
            <div
              class="card-body"
            >
              <span>
                 
                Lessons
                 
              </span>
              <span>
                2
              </span>
              <span>
                 
                Start
                 
              </span>
              <span>
                12:30
              </span>
              <span>
                 
                End
                 
              </span>
              <span>
                16:00
              </span>
            </div>
          </div>
          <div
            class="sc-bqWxrE gTNlmT"
          >
            <header>
              T
            </header>
            <div
              class="card-body"
            >
              <span>
                 
                Lessons
                 
              </span>
              <span>
                0
              </span>
              <span>
                 
                Start
                 
              </span>
              <span>
                -:-
              </span>
              <span>
                 
                End
                 
              </span>
              <span>
                -:-
              </span>
            </div>
          </div>
          <div
            class="sc-bqWxrE gTNlmT"
          >
            <header>
              F
            </header>
            <div
              class="card-body"
            >
              <span>
                 
                Lessons
                 
              </span>
              <span>
                0
              </span>
              <span>
                 
                Start
                 
              </span>
              <span>
                -:-
              </span>
              <span>
                 
                End
                 
              </span>
              <span>
                -:-
              </span>
            </div>
          </div>
        </div>
      </div>
    </div>
  </body>,
  "container": <div>
    <div
      class="sc-eDWCr hoVdDn composed-schedule"
    >
      <header>
        <div
          class="title"
        >
          Test Schedule #1
        </div>
        <input
          class="sc-ksBlkl jvriEz switch"
          type="checkbox"
        />
      </header>
      <div
        class="days"
      >
        <div
          class="sc-bqWxrE gTNlmT"
        >
          <header>
            M
          </header>
          <div
            class="card-body"
          >
            <span>
               
              Lessons
               
            </span>
            <span>
              4
            </span>
            <span>
               
              Start
               
            </span>
            <span>
              08:30
            </span>
            <span>
               
              End
               
            </span>
            <span>
              16:00
            </span>
          </div>
        </div>
        <div
          class="sc-bqWxrE gTNlmT"
        >
          <header>
            T
          </header>
          <div
            class="card-body"
          >
            <span>
               
              Lessons
               
            </span>
            <span>
              3
            </span>
            <span>
               
              Start
               
            </span>
            <span>
              10:30
            </span>
            <span>
               
              End
               
            </span>
            <span>
              16:00
            </span>
          </div>
        </div>
        <div
          class="sc-bqWxrE gTNlmT"
        >
          <header>
            W
          </header>
          <div
            class="card-body"
          >
            <span>
               
              Lessons
               
            </span>
            <span>
              2
            </span>
            <span>
               
              Start
               
            </span>
            <span>
              12:30
            </span>
            <span>
               
              End
               
            </span>
            <span>
              16:00
            </span>
          </div>
        </div>
        <div
          class="sc-bqWxrE gTNlmT"
        >
          <header>
            T
          </header>
          <div
            class="card-body"
          >
            <span>
               
              Lessons
               
            </span>
            <span>
              0
            </span>
            <span>
               
              Start
               
            </span>
            <span>
              -:-
            </span>
            <span>
               
              End
               
            </span>
            <span>
              -:-
            </span>
          </div>
        </div>
        <div
          class="sc-bqWxrE gTNlmT"
        >
          <header>
            F
          </header>
          <div
            class="card-body"
          >
            <span>
               
              Lessons
               
            </span>
            <span>
              0
            </span>
            <span>
               
              Start
               
            </span>
            <span>
              -:-
            </span>
            <span>
               
              End
               
            </span>
            <span>
              -:-
            </span>
          </div>
        </div>
      </div>
    </div>
  </div>,
  "debug": [Function],
  "findAllByAltText": [Function],
  "findAllByDisplayValue": [Function],
  "findAllByLabelText": [Function],
  "findAllByPlaceholderText": [Function],
  "findAllByRole": [Function],
  "findAllByTestId": [Function],
  "findAllByText": [Function],
  "findAllByTitle": [Function],
  "findByAltText": [Function],
  "findByDisplayValue": [Function],
  "findByLabelText": [Function],
  "findByPlaceholderText": [Function],
  "findByRole": [Function],
  "findByTestId": [Function],
  "findByText": [Function],
  "findByTitle": [Function],
  "getAllByAltText": [Function],
  "getAllByDisplayValue": [Function],
  "getAllByLabelText": [Function],
  "getAllByPlaceholderText": [Function],
  "getAllByRole": [Function],
  "getAllByTestId": [Function],
  "getAllByText": [Function],
  "getAllByTitle": [Function],
  "getByAltText": [Function],
  "getByDisplayValue": [Function],
  "getByLabelText": [Function],
  "getByPlaceholderText": [Function],
  "getByRole": [Function],
  "getByTestId": [Function],
  "getByText": [Function],
  "getByTitle": [Function],
  "queryAllByAltText": [Function],
  "queryAllByDisplayValue": [Function],
  "queryAllByLabelText": [Function],
  "queryAllByPlaceholderText": [Function],
  "queryAllByRole": [Function],
  "queryAllByTestId": [Function],
  "queryAllByText": [Function],
  "queryAllByTitle": [Function],
  "queryByAltText": [Function],
  "queryByDisplayValue": [Function],
  "queryByLabelText": [Function],
  "queryByPlaceholderText": [Function],
  "queryByRole": [Function],
  "queryByTestId": [Function],
  "queryByText": [Function],
  "queryByTitle": [Function],
  "rerender": [Function],
  "unmount": [Function],
}
`;
